[STARTING SERVER] ---------------------------------------------
[GETGAME] geting game called
[LOGINUSER] Incoming user data: {"username":"dev1","password":"password"}
[LOGINUSER] token on creation eyJhbGciOiJIUzI1NiIsInR5cCI6IkpXVCJ9.eyJpZCI6eyJpZCI6NTF9LCJ1c2VybmFtZSI6ImRldjEiLCJpYXQiOjE3NTc1ODc0NTEsImV4cCI6MTc1NzU5MTA1MX0.SGT31X9MmdgXgkfRIIf1bNblRKdcwyJIk7wq4ufsDhk
[LOGINUSER] User registration result:{"id":51}
[CREATE_GAME] checking token eyJhbGciOiJIUzI1NiIsInR5cCI6IkpXVCJ9.eyJpZCI6eyJpZCI6NTF9LCJ1c2VybmFtZSI6ImRldjEiLCJpYXQiOjE3NTc1ODc0NTEsImV4cCI6MTc1NzU5MTA1MX0.SGT31X9MmdgXgkfRIIf1bNblRKdcwyJIk7wq4ufsDhk
[GET USER ID FROM TOKEN] taking id from token
[GET USER ID FROM TOKEN] decoded token {"id":{"id":51},"username":"dev1","iat":1757587451,"exp":1757591051}
[CREATE_GAME] checking id {"id":51}
[GETGAME] geting game called
[CREATE_GAME] creat game results of game sessions {"owner":"{\"id\":51}","state":{},"phase":"setup","players":{},"payload":{"fps":60,"height":1,"width":1,"ballSize":1,"paddleSize":1,"paddleOffset":1,"paddleSpeed":10,"ballSpeed":2,"leftPaddleI":0,"rightPaddleI":1,"ballYI":2,"ballXI":3,"positions":[100,100,100,100],"ball":{"dx":3,"dy":1},"gameRunning":false,"keysDown":[false,false,false,false]}}
[GET USER ID FROM TOKEN] taking id from token
[GET USER ID FROM TOKEN] decoded token {"id":{"id":51},"username":"dev1","iat":1757587451,"exp":1757591051}
[GETGAME] geting game called
[JOIN_GAME] added player {"owner":"{\"id\":51}","state":{},"phase":"setup","players":{},"payload":{"fps":60,"height":1,"width":1,"ballSize":1,"paddleSize":1,"paddleOffset":1,"paddleSpeed":10,"ballSpeed":2,"leftPaddleI":0,"rightPaddleI":1,"ballYI":2,"ballXI":3,"positions":[100,100,100,100],"ball":{"dx":3,"dy":1},"gameRunning":false,"keysDown":[false,false,false,false]}}
[START_GAME] starting game
[GET USER ID FROM TOKEN] taking id from token
[GET USER ID FROM TOKEN] decoded token {"id":{"id":51},"username":"dev1","iat":1757587451,"exp":1757591051}
[START_GAME] checking userId "{\"id\":51}"
[GETGAME] geting game called
[START_GAME] checking whats in game {"owner":"{\"id\":51}","state":{},"phase":"setup","players":{},"payload":{"fps":60,"height":1,"width":1,"ballSize":1,"paddleSize":1,"paddleOffset":1,"paddleSpeed":10,"ballSpeed":2,"leftPaddleI":0,"rightPaddleI":1,"ballYI":2,"ballXI":3,"positions":[100,100,100,100],"ball":{"dx":3,"dy":1},"gameRunning":false,"keysDown":[false,false,false,false]}}
[START_GAME] checking comparison game.owner and id "{\"id\":51}" "{\"id\":51}"
[START_GAME] debug1
[START_GAME] debug2
[GETGAME] geting game called
[PLAYER INIT CASE::] after init 
[GETGAME] geting game called
[GETGAME] geting game called
[GETGAME] geting game called
[GETGAME] geting game called
[GETGAME] geting game called
[GETGAME] geting game called
[GETGAME] geting game called
[GETGAME] geting game called
[GETGAME] geting game called
[GETGAME] geting game called
[GETGAME] geting game called
[GETGAME] geting game called
[GETGAME] geting game called
[GETGAME] geting game called
[GETGAME] geting game called
[GETGAME] geting game called
[GETGAME] geting game called
[GETGAME] geting game called
[GETGAME] geting game called
[GETGAME] geting game called
[GETGAME] geting game called
[GETGAME] geting game called
[GETGAME] geting game called
[GETGAME] geting game called
[GETGAME] geting game called
[GETGAME] geting game called
[GETGAME] geting game called
[GETGAME] geting game called
[GETGAME] geting game called
[GETGAME] geting game called
[GETGAME] geting game called
[GETGAME] geting game called
[GETGAME] geting game called
[GETGAME] geting game called
[GETGAME] geting game called
[GETGAME] geting game called
[GETGAME] geting game called
[GETGAME] geting game called
[GETGAME] geting game called
[GETGAME] geting game called
[GETGAME] geting game called
[GETGAME] geting game called
[GETGAME] geting game called
[GETGAME] geting game called
[GETGAME] geting game called
[GETGAME] geting game called
[GETGAME] geting game called
[GETGAME] geting game called
[GETGAME] geting game called
[GETGAME] geting game called
[GETGAME] geting game called
[GETGAME] geting game called
[GETGAME] geting game called
[GETGAME] geting game called
[GETGAME] geting game called
[GETGAME] geting game called
[GETGAME] geting game called
[GETGAME] geting game called
[GETGAME] geting game called
[GETGAME] geting game called
[GETGAME] geting game called
[GETGAME] geting game called
[GETGAME] geting game called
[GETGAME] geting game called
[GETGAME] geting game called
[GETGAME] geting game called
[GETGAME] geting game called
[GETGAME] geting game called
[GETGAME] geting game called
[GETGAME] geting game called
[GETGAME] geting game called
[GETGAME] geting game called
[GETGAME] geting game called
[GETGAME] geting game called
[GETGAME] geting game called
[GETGAME] geting game called
[GETGAME] geting game called
[GETGAME] geting game called
[GETGAME] geting game called
[GETGAME] geting game called
[GETGAME] geting game called
[GETGAME] geting game called
[GETGAME] geting game called
[GETGAME] geting game called
[GETGAME] geting game called
[GETGAME] geting game called
[GETGAME] geting game called
[GETGAME] geting game called
[GETGAME] geting game called
[GETGAME] geting game called
[GETGAME] geting game called
[GETGAME] geting game called
[GETGAME] geting game called
[GETGAME] geting game called
[GETGAME] geting game called
[GETGAME] geting game called
[GETGAME] geting game called
[GETGAME] geting game called
[GETGAME] geting game called
[GETGAME] geting game called
[GETGAME] geting game called
[GETGAME] geting game called
[GETGAME] geting game called
[GETGAME] geting game called
[GETGAME] geting game called
[GETGAME] geting game called
[GETGAME] geting game called
[GETGAME] geting game called
[GETGAME] geting game called
[GETGAME] geting game called
[GETGAME] geting game called
[GETGAME] geting game called
[GETGAME] geting game called
[GETGAME] geting game called
[GETGAME] geting game called
[GETGAME] geting game called
[GETGAME] geting game called
[GETGAME] geting game called
[GETGAME] geting game called
[GETGAME] geting game called
[GETGAME] geting game called
[GETGAME] geting game called
[GETGAME] geting game called
[GETGAME] geting game called
[GETGAME] geting game called
[GETGAME] geting game called
[GETGAME] geting game called
[GETGAME] geting game called
[GETGAME] geting game called
[GETGAME] geting game called
[GETGAME] geting game called
[GETGAME] geting game called
[GETGAME] geting game called
[GETGAME] geting game called
[GETGAME] geting game called
[GETGAME] geting game called
[GETGAME] geting game called
[GETGAME] geting game called
[GETGAME] geting game called
[GETGAME] geting game called
[GETGAME] geting game called
[GETGAME] geting game called
[GETGAME] geting game called
[GETGAME] geting game called
[GETGAME] geting game called
[GETGAME] geting game called
[GETGAME] geting game called
[GETGAME] geting game called
[GETGAME] geting game called
[GETGAME] geting game called
[GETGAME] geting game called
[GETGAME] geting game called
[GETGAME] geting game called
[GETGAME] geting game called
[GETGAME] geting game called
[GETGAME] geting game called
[GETGAME] geting game called
[GETGAME] geting game called
[GETGAME] geting game called
[GETGAME] geting game called
[GETGAME] geting game called
[GETGAME] geting game called
[GETGAME] geting game called
[GETGAME] geting game called
[GETGAME] geting game called
[GETGAME] geting game called
[GETGAME] geting game called
[GETGAME] geting game called
[GETGAME] geting game called
[GETGAME] geting game called
[GETGAME] geting game called
[GETGAME] geting game called
[GETGAME] geting game called
[GETGAME] geting game called
[GETGAME] geting game called
[GETGAME] geting game called
[GETGAME] geting game called
[GETGAME] geting game called
[GETGAME] geting game called
[GETGAME] geting game called
[GETGAME] geting game called
[GETGAME] geting game called
[GETGAME] geting game called
[GETGAME] geting game called
[GETGAME] geting game called
[GETGAME] geting game called
[GETGAME] geting game called
[GETGAME] geting game called
[GETGAME] geting game called
[GETGAME] geting game called
[GETGAME] geting game called
[GETGAME] geting game called
[GETGAME] geting game called
[GETGAME] geting game called
[GETGAME] geting game called
[GETGAME] geting game called
[GETGAME] geting game called
[GETGAME] geting game called
[GETGAME] geting game called
[GETGAME] geting game called
[GETGAME] geting game called
[GETGAME] geting game called
[GETGAME] geting game called
[GETGAME] geting game called
[GETGAME] geting game called
[GETGAME] geting game called
[GETGAME] geting game called
[GETGAME] geting game called
[GETGAME] geting game called
[GETGAME] geting game called
[GETGAME] geting game called
[GETGAME] geting game called
[GETGAME] geting game called
[GETGAME] geting game called
[GETGAME] geting game called
[GETGAME] geting game called
[GETGAME] geting game called
[GETGAME] geting game called
[GETGAME] geting game called
[GETGAME] geting game called
[GETGAME] geting game called
[GETGAME] geting game called
[GETGAME] geting game called
[GETGAME] geting game called
[GETGAME] geting game called
[GETGAME] geting game called
[GETGAME] geting game called
[GETGAME] geting game called
[GETGAME] geting game called
[GETGAME] geting game called
[STARTING SERVER] ---------------------------------------------
[GETGAME] geting game called
[LOGINUSER] Incoming user data: {"username":"dev1","password":"password"}
[LOGINUSER] token on creation eyJhbGciOiJIUzI1NiIsInR5cCI6IkpXVCJ9.eyJpZCI6eyJpZCI6NTF9LCJ1c2VybmFtZSI6ImRldjEiLCJpYXQiOjE3NTc1ODc1MjIsImV4cCI6MTc1NzU5MTEyMn0.FDPV4B9Udub3EJl2n23oPIZJgNvxjaNupWD6L9aDS5Y
[LOGINUSER] User registration result:{"id":51}
[CREATE_GAME] checking token eyJhbGciOiJIUzI1NiIsInR5cCI6IkpXVCJ9.eyJpZCI6eyJpZCI6NTF9LCJ1c2VybmFtZSI6ImRldjEiLCJpYXQiOjE3NTc1ODc1MjIsImV4cCI6MTc1NzU5MTEyMn0.FDPV4B9Udub3EJl2n23oPIZJgNvxjaNupWD6L9aDS5Y
[GET USER ID FROM TOKEN] taking id from token
[GET USER ID FROM TOKEN] decoded token {"id":{"id":51},"username":"dev1","iat":1757587522,"exp":1757591122}
[CREATE_GAME] checking id {"id":51}
[GETGAME] geting game called
[CREATE_GAME] creat game results of game sessions {"owner":"{\"id\":51}","state":{},"phase":"setup","players":{},"payload":{"fps":60,"height":1,"width":1,"ballSize":1,"paddleSize":1,"paddleOffset":1,"paddleSpeed":10,"ballSpeed":2,"leftPaddleI":0,"rightPaddleI":1,"ballYI":2,"ballXI":3,"positions":[100,100,100,100],"ball":{"dx":3,"dy":1},"gameRunning":false,"keysDown":[false,false,false,false]}}
[GET USER ID FROM TOKEN] taking id from token
[GET USER ID FROM TOKEN] decoded token {"id":{"id":51},"username":"dev1","iat":1757587522,"exp":1757591122}
[GETGAME] geting game called
[JOIN_GAME] added player {"owner":"{\"id\":51}","state":{},"phase":"setup","players":{},"payload":{"fps":60,"height":1,"width":1,"ballSize":1,"paddleSize":1,"paddleOffset":1,"paddleSpeed":10,"ballSpeed":2,"leftPaddleI":0,"rightPaddleI":1,"ballYI":2,"ballXI":3,"positions":[100,100,100,100],"ball":{"dx":3,"dy":1},"gameRunning":false,"keysDown":[false,false,false,false]}}
[START_GAME] starting game
[GET USER ID FROM TOKEN] taking id from token
[GET USER ID FROM TOKEN] decoded token {"id":{"id":51},"username":"dev1","iat":1757587522,"exp":1757591122}
[START_GAME] checking userId "{\"id\":51}"
[GETGAME] geting game called
[START_GAME] checking whats in game {"owner":"{\"id\":51}","state":{},"phase":"setup","players":{},"payload":{"fps":60,"height":1,"width":1,"ballSize":1,"paddleSize":1,"paddleOffset":1,"paddleSpeed":10,"ballSpeed":2,"leftPaddleI":0,"rightPaddleI":1,"ballYI":2,"ballXI":3,"positions":[100,100,100,100],"ball":{"dx":3,"dy":1},"gameRunning":false,"keysDown":[false,false,false,false]}}
[START_GAME] checking comparison game.owner and id "{\"id\":51}" "{\"id\":51}"
[START_GAME] debug1
[START_GAME] debug2
[GETGAME] geting game called
[PLAYER INIT CASE::] after init 
[GETGAME] geting game called
[GETGAME] geting game called
[GETGAME] geting game called
[GETGAME] geting game called
[GETGAME] geting game called
[GETGAME] geting game called
[GETGAME] geting game called
[GETGAME] geting game called
[GETGAME] geting game called
[GETGAME] geting game called
[GETGAME] geting game called
[GETGAME] geting game called
[GETGAME] geting game called
[GETGAME] geting game called
[GETGAME] geting game called
[GETGAME] geting game called
[GETGAME] geting game called
[GETGAME] geting game called
[GETGAME] geting game called
[GETGAME] geting game called
[GETGAME] geting game called
[GETGAME] geting game called
[GETGAME] geting game called
[GETGAME] geting game called
[GETGAME] geting game called
[GETGAME] geting game called
[GETGAME] geting game called
[GETGAME] geting game called
[GETGAME] geting game called
[GETGAME] geting game called
[GETGAME] geting game called
[GETGAME] geting game called
[GETGAME] geting game called
[GETGAME] geting game called
[GETGAME] geting game called
[GETGAME] geting game called
[GETGAME] geting game called
[GETGAME] geting game called
[GETGAME] geting game called
[GETGAME] geting game called
[GETGAME] geting game called
[GETGAME] geting game called
[GETGAME] geting game called
[GETGAME] geting game called
[GETGAME] geting game called
[GETGAME] geting game called
[GETGAME] geting game called
[GETGAME] geting game called
[GETGAME] geting game called
[GETGAME] geting game called
[GETGAME] geting game called
[GETGAME] geting game called
[GETGAME] geting game called
[GETGAME] geting game called
[GETGAME] geting game called
[GETGAME] geting game called
[GETGAME] geting game called
[GETGAME] geting game called
[GETGAME] geting game called
[GETGAME] geting game called
[GETGAME] geting game called
[GETGAME] geting game called
[GETGAME] geting game called
[GETGAME] geting game called
[GETGAME] geting game called
[GETGAME] geting game called
[GETGAME] geting game called
[GETGAME] geting game called
[GETGAME] geting game called
[GETGAME] geting game called
[GETGAME] geting game called
[GETGAME] geting game called
[GETGAME] geting game called
[GETGAME] geting game called
[GETGAME] geting game called
[GETGAME] geting game called
[GETGAME] geting game called
[GETGAME] geting game called
[GETGAME] geting game called
[GETGAME] geting game called
[GETGAME] geting game called
[GETGAME] geting game called
[GETGAME] geting game called
[GETGAME] geting game called
[GETGAME] geting game called
[GETGAME] geting game called
[GETGAME] geting game called
[GETGAME] geting game called
[GETGAME] geting game called
[GETGAME] geting game called
[GETGAME] geting game called
[GETGAME] geting game called
[GETGAME] geting game called
[GETGAME] geting game called
[GETGAME] geting game called
[GETGAME] geting game called
[GETGAME] geting game called
[GETGAME] geting game called
[GETGAME] geting game called
[GETGAME] geting game called
[GETGAME] geting game called
[GETGAME] geting game called
[GETGAME] geting game called
[GETGAME] geting game called
[GETGAME] geting game called
[GETGAME] geting game called
[GETGAME] geting game called
[GETGAME] geting game called
[GETGAME] geting game called
[GETGAME] geting game called
[GETGAME] geting game called
[GETGAME] geting game called
[GETGAME] geting game called
[GETGAME] geting game called
[GETGAME] geting game called
[GETGAME] geting game called
[GETGAME] geting game called
[GETGAME] geting game called
[GETGAME] geting game called
[GETGAME] geting game called
[GETGAME] geting game called
[GETGAME] geting game called
[GETGAME] geting game called
[GETGAME] geting game called
[GETGAME] geting game called
[GETGAME] geting game called
[GETGAME] geting game called
[GETGAME] geting game called
[GETGAME] geting game called
[GETGAME] geting game called
[GETGAME] geting game called
[GETGAME] geting game called
[GETGAME] geting game called
[GETGAME] geting game called
[GETGAME] geting game called
[GETGAME] geting game called
[GETGAME] geting game called
[GETGAME] geting game called
[GETGAME] geting game called
[GETGAME] geting game called
[GETGAME] geting game called
[GETGAME] geting game called
[GETGAME] geting game called
[GETGAME] geting game called
[GETGAME] geting game called
[GETGAME] geting game called
[GETGAME] geting game called
[GETGAME] geting game called
[GETGAME] geting game called
[GETGAME] geting game called
[GETGAME] geting game called
[GETGAME] geting game called
[GETGAME] geting game called
[GETGAME] geting game called
[GETGAME] geting game called
[GETGAME] geting game called
[GETGAME] geting game called
[GETGAME] geting game called
[GETGAME] geting game called
[GETGAME] geting game called
[GETGAME] geting game called
[GETGAME] geting game called
[GETGAME] geting game called
[GETGAME] geting game called
[GETGAME] geting game called
[GETGAME] geting game called
[GETGAME] geting game called
[GETGAME] geting game called
[GETGAME] geting game called
[GETGAME] geting game called
[GETGAME] geting game called
[GETGAME] geting game called
[GETGAME] geting game called
[GETGAME] geting game called
[GETGAME] geting game called
[GETGAME] geting game called
[GETGAME] geting game called
[GETGAME] geting game called
[GETGAME] geting game called
[GETGAME] geting game called
[GETGAME] geting game called
[GETGAME] geting game called
[GETGAME] geting game called
[GETGAME] geting game called
[GETGAME] geting game called
[GETGAME] geting game called
[GETGAME] geting game called
[GETGAME] geting game called
[GETGAME] geting game called
[GETGAME] geting game called
[GETGAME] geting game called
[GETGAME] geting game called
[GETGAME] geting game called
[GETGAME] geting game called
[GETGAME] geting game called
[GETGAME] geting game called
[GETGAME] geting game called
[GETGAME] geting game called
[GETGAME] geting game called
[GETGAME] geting game called
[GETGAME] geting game called
[GETGAME] geting game called
[GETGAME] geting game called
[GETGAME] geting game called
[GETGAME] geting game called
[GETGAME] geting game called
[GETGAME] geting game called
[GETGAME] geting game called
[STARTING SERVER] ---------------------------------------------
[GETGAME] geting game called
[LOGINUSER] Incoming user data: {"username":"dev1","password":"password"}
[LOGINUSER] token on creation eyJhbGciOiJIUzI1NiIsInR5cCI6IkpXVCJ9.eyJpZCI6eyJpZCI6NTF9LCJ1c2VybmFtZSI6ImRldjEiLCJpYXQiOjE3NTc1ODc2MTEsImV4cCI6MTc1NzU5MTIxMX0.UKkrUbHgs0XP50Z_6YYqfoAl2KAHpIbeeRSWzdu-9Oo
[LOGINUSER] User registration result:{"id":51}
[CREATE_GAME] checking token eyJhbGciOiJIUzI1NiIsInR5cCI6IkpXVCJ9.eyJpZCI6eyJpZCI6NTF9LCJ1c2VybmFtZSI6ImRldjEiLCJpYXQiOjE3NTc1ODc2MTEsImV4cCI6MTc1NzU5MTIxMX0.UKkrUbHgs0XP50Z_6YYqfoAl2KAHpIbeeRSWzdu-9Oo
[GET USER ID FROM TOKEN] taking id from token
[GET USER ID FROM TOKEN] decoded token {"id":{"id":51},"username":"dev1","iat":1757587611,"exp":1757591211}
[CREATE_GAME] checking id {"id":51}
[GETGAME] geting game called
[CREATE_GAME] creat game results of game sessions {"owner":"{\"id\":51}","state":{},"phase":"setup","players":{},"payload":{"fps":60,"height":1,"width":1,"ballSize":1,"paddleSize":1,"paddleOffset":1,"paddleSpeed":10,"ballSpeed":2,"leftPaddleI":0,"rightPaddleI":1,"ballYI":2,"ballXI":3,"positions":[100,100,100,100],"ball":{"dx":3,"dy":1},"gameRunning":false,"keysDown":[false,false,false,false]}}
[GET USER ID FROM TOKEN] taking id from token
[GET USER ID FROM TOKEN] decoded token {"id":{"id":51},"username":"dev1","iat":1757587611,"exp":1757591211}
[GETGAME] geting game called
[JOIN_GAME] added player {"owner":"{\"id\":51}","state":{},"phase":"setup","players":{},"payload":{"fps":60,"height":1,"width":1,"ballSize":1,"paddleSize":1,"paddleOffset":1,"paddleSpeed":10,"ballSpeed":2,"leftPaddleI":0,"rightPaddleI":1,"ballYI":2,"ballXI":3,"positions":[100,100,100,100],"ball":{"dx":3,"dy":1},"gameRunning":false,"keysDown":[false,false,false,false]}}
[START_GAME] starting game
[GET USER ID FROM TOKEN] taking id from token
[GET USER ID FROM TOKEN] decoded token {"id":{"id":51},"username":"dev1","iat":1757587611,"exp":1757591211}
[START_GAME] checking userId "{\"id\":51}"
[GETGAME] geting game called
[START_GAME] checking whats in game {"owner":"{\"id\":51}","state":{},"phase":"setup","players":{},"payload":{"fps":60,"height":1,"width":1,"ballSize":1,"paddleSize":1,"paddleOffset":1,"paddleSpeed":10,"ballSpeed":2,"leftPaddleI":0,"rightPaddleI":1,"ballYI":2,"ballXI":3,"positions":[100,100,100,100],"ball":{"dx":3,"dy":1},"gameRunning":false,"keysDown":[false,false,false,false]}}
[START_GAME] checking comparison game.owner and id "{\"id\":51}" "{\"id\":51}"
[START_GAME] debug1
[START_GAME] debug2
[GETGAME] geting game called
[PLAYER INIT CASE::] after init 
[GETGAME] geting game called
[GETGAME] geting game called
[GETGAME] geting game called
[GETGAME] geting game called
[GETGAME] geting game called
[GETGAME] geting game called
[GETGAME] geting game called
[GETGAME] geting game called
[GETGAME] geting game called
[GETGAME] geting game called
[GETGAME] geting game called
[GETGAME] geting game called
[GETGAME] geting game called
[GETGAME] geting game called
[GETGAME] geting game called
[GETGAME] geting game called
[GETGAME] geting game called
[GETGAME] geting game called
[GETGAME] geting game called
[GETGAME] geting game called
[GETGAME] geting game called
[GETGAME] geting game called
[GETGAME] geting game called
[GETGAME] geting game called
[GETGAME] geting game called
[GETGAME] geting game called
[GETGAME] geting game called
[GETGAME] geting game called
[GETGAME] geting game called
[GETGAME] geting game called
[GETGAME] geting game called
[GETGAME] geting game called
[GETGAME] geting game called
[GETGAME] geting game called
[GETGAME] geting game called
[GETGAME] geting game called
[GETGAME] geting game called
[GETGAME] geting game called
[GETGAME] geting game called
[GETGAME] geting game called
[GETGAME] geting game called
[GETGAME] geting game called
[GETGAME] geting game called
[GETGAME] geting game called
[GETGAME] geting game called
[GETGAME] geting game called
[GETGAME] geting game called
[GETGAME] geting game called
[GETGAME] geting game called
[GETGAME] geting game called
[GETGAME] geting game called
[GETGAME] geting game called
[GETGAME] geting game called
[GETGAME] geting game called
[GETGAME] geting game called
[GETGAME] geting game called
[GETGAME] geting game called
[GETGAME] geting game called
[GETGAME] geting game called
[GETGAME] geting game called
[GETGAME] geting game called
[GETGAME] geting game called
[GETGAME] geting game called
[GETGAME] geting game called
[GETGAME] geting game called
[GETGAME] geting game called
[GETGAME] geting game called
[GETGAME] geting game called
[GETGAME] geting game called
[GETGAME] geting game called
[GETGAME] geting game called
[GETGAME] geting game called
[GETGAME] geting game called
[GETGAME] geting game called
[GETGAME] geting game called
[GETGAME] geting game called
[GETGAME] geting game called
[GETGAME] geting game called
[GETGAME] geting game called
[GETGAME] geting game called
[GETGAME] geting game called
[GETGAME] geting game called
[GETGAME] geting game called
[GETGAME] geting game called
[GETGAME] geting game called
[GETGAME] geting game called
[GETGAME] geting game called
[GETGAME] geting game called
[GETGAME] geting game called
[GETGAME] geting game called
[GETGAME] geting game called
[GETGAME] geting game called
[GETGAME] geting game called
[GETGAME] geting game called
[GETGAME] geting game called
[GETGAME] geting game called
[GETGAME] geting game called
[GETGAME] geting game called
[GETGAME] geting game called
[GETGAME] geting game called
[GETGAME] geting game called
[GETGAME] geting game called
[GETGAME] geting game called
[GETGAME] geting game called
[GETGAME] geting game called
[GETGAME] geting game called
[GETGAME] geting game called
[GETGAME] geting game called
[GETGAME] geting game called
[GETGAME] geting game called
[GETGAME] geting game called
[GETGAME] geting game called
[GETGAME] geting game called
[GETGAME] geting game called
[GETGAME] geting game called
[GETGAME] geting game called
[GETGAME] geting game called
[GETGAME] geting game called
[GETGAME] geting game called
[GETGAME] geting game called
[GETGAME] geting game called
[GETGAME] geting game called
[GETGAME] geting game called
[GETGAME] geting game called
[GETGAME] geting game called
[GETGAME] geting game called
[GETGAME] geting game called
[GETGAME] geting game called
[GETGAME] geting game called
[GETGAME] geting game called
[GETGAME] geting game called
[GETGAME] geting game called
[GETGAME] geting game called
[GETGAME] geting game called
[GETGAME] geting game called
[GETGAME] geting game called
[GETGAME] geting game called
[GETGAME] geting game called
[GETGAME] geting game called
[GETGAME] geting game called
[GETGAME] geting game called
[GETGAME] geting game called
[GETGAME] geting game called
[GETGAME] geting game called
[GETGAME] geting game called
[GETGAME] geting game called
[GETGAME] geting game called
[GETGAME] geting game called
[GETGAME] geting game called
[GETGAME] geting game called
[GETGAME] geting game called
[GETGAME] geting game called
[GETGAME] geting game called
[GETGAME] geting game called
[GETGAME] geting game called
[GETGAME] geting game called
[GETGAME] geting game called
[GETGAME] geting game called
[GETGAME] geting game called
[GETGAME] geting game called
[GETGAME] geting game called
[GETGAME] geting game called
[GETGAME] geting game called
[GETGAME] geting game called
[GETGAME] geting game called
[GETGAME] geting game called
[GETGAME] geting game called
[GETGAME] geting game called
[GETGAME] geting game called
[GETGAME] geting game called
[GETGAME] geting game called
[GETGAME] geting game called
[GETGAME] geting game called
[GETGAME] geting game called
[GETGAME] geting game called
[GETGAME] geting game called
[GETGAME] geting game called
[GETGAME] geting game called
[GETGAME] geting game called
[GETGAME] geting game called
[GETGAME] geting game called
[GETGAME] geting game called
[GETGAME] geting game called
[GETGAME] geting game called
[GETGAME] geting game called
[GETGAME] geting game called
[GETGAME] geting game called
[GETGAME] geting game called
[GETGAME] geting game called
[GETGAME] geting game called
[GETGAME] geting game called
[GETGAME] geting game called
[GETGAME] geting game called
[GETGAME] geting game called
[GETGAME] geting game called
[GETGAME] geting game called
[GETGAME] geting game called
[GETGAME] geting game called
[GETGAME] geting game called
[GETGAME] geting game called
[GETGAME] geting game called
[GETGAME] geting game called
[GETGAME] geting game called
[GETGAME] geting game called
[GETGAME] geting game called
[GETGAME] geting game called
[GETGAME] geting game called
[GETGAME] geting game called
[GETGAME] geting game called
[GETGAME] geting game called
[GETGAME] geting game called
[GETGAME] geting game called
[GETGAME] geting game called
[GETGAME] geting game called
[GETGAME] geting game called
[GETGAME] geting game called
[GETGAME] geting game called
[GETGAME] geting game called
[GETGAME] geting game called
[GETGAME] geting game called
[GETGAME] geting game called
[GETGAME] geting game called
[GETGAME] geting game called
[GETGAME] geting game called
[GETGAME] geting game called
[GETGAME] geting game called
[GETGAME] geting game called
[GETGAME] geting game called
[GETGAME] geting game called
[GETGAME] geting game called
[GETGAME] geting game called
[GETGAME] geting game called
[GETGAME] geting game called
[GETGAME] geting game called
[GETGAME] geting game called
[GETGAME] geting game called
[GETGAME] geting game called
[GETGAME] geting game called
[GETGAME] geting game called
[GETGAME] geting game called
[GETGAME] geting game called
[GETGAME] geting game called
[GETGAME] geting game called
[GETGAME] geting game called
[GETGAME] geting game called
[GETGAME] geting game called
[GETGAME] geting game called
[GETGAME] geting game called
[GETGAME] geting game called
[GETGAME] geting game called
[GETGAME] geting game called
[GETGAME] geting game called
[GETGAME] geting game called
[GETGAME] geting game called
[GETGAME] geting game called
[GETGAME] geting game called
[GETGAME] geting game called
[GETGAME] geting game called
[GETGAME] geting game called
[GETGAME] geting game called
[GETGAME] geting game called
[GETGAME] geting game called
[GETGAME] geting game called
[GETGAME] geting game called
[GETGAME] geting game called
[GETGAME] geting game called
[GETGAME] geting game called
[GETGAME] geting game called
